2026-08-28 13:12:57,506 [INFO] Chưa có data → fetch 90 ngày: 2026-05-30 → 2026-08-27
2026-08-28 13:12:57,881 [INFO] Failed to extract font properties from /usr/share/fonts/truetype/noto/NotoColorEmoji.ttf: Non-scalable fonts are not supported
2026-08-28 13:12:57,927 [INFO] generated new fontManager
2026-08-28 13:13:00,504 [INFO] Device registered: a1691119d2049e96ca73e5b8469e5a77 (version 0.0.1)
2026-08-28 13:13:07,035 [INFO] VCB: ✓ 64 dòng
2026-08-28 13:13:10,750 [INFO] VIC: ✓ 64 dòng
2026-08-28 13:13:14,678 [INFO] VHM: ✓ 64 dòng
2026-08-28 13:13:18,480 [INFO] HPG: ✓ 64 dòng
2026-08-28 13:13:22,592 [INFO] TCB: ✓ 64 dòng
2026-08-28 13:13:26,053 [INFO] MBB: ✓ 64 dòng
2026-08-28 13:13:29,515 [INFO] VNM: ✓ 64 dòng
2026-08-28 13:13:32,764 [INFO] FPT: ✓ 64 dòng
2026-08-28 13:13:36,475 [INFO] MSN: ✓ 64 dòng
2026-08-28 13:13:40,118 [INFO] BID: ✓ 64 dòng
2026-08-28 13:13:40,118 [INFO] === Xong: 10/10 tickers | 640 dòng mới ===
2026-08-28 14:21:11,838 [INFO] Data đã up-to-date (latest: 2026-08-27). Không có gì để fetch.
2026-08-28 14:44:04,447 [INFO] Data đã up-to-date (latest: 2026-08-27). Không có gì để fetch.
2026-08-31 17:56:40,924 [INFO] Fetch từ 2026-08-28 → 2026-08-30
2026-08-31 17:56:42,046 [INFO] Failed to extract font properties from /usr/share/fonts/truetype/noto/NotoColorEmoji.ttf: Non-scalable fonts are not supported
2026-08-31 17:56:42,144 [INFO] generated new fontManager
2026-08-31 17:56:45,210 [INFO] Device registered: a1691119d2049e96ca73e5b8469e5a77 (version 0.0.1)
2026-08-31 17:56:52,397 [INFO] VCB: ✓ 1 dòng
2026-08-31 17:56:57,316 [INFO] VIC: ✓ 1 dòng
2026-08-31 17:57:01,645 [INFO] VHM: ✓ 1 dòng
2026-08-31 17:57:05,446 [INFO] HPG: ✓ 1 dòng
2026-08-31 17:57:09,593 [INFO] TCB: ✓ 1 dòng
2026-08-31 17:57:13,181 [INFO] MBB: ✓ 1 dòng
2026-08-31 17:57:17,770 [INFO] VNM: ✓ 1 dòng
2026-08-31 17:57:21,993 [INFO] FPT: ✓ 1 dòng
2026-08-31 17:57:26,059 [INFO] MSN: ✓ 1 dòng
2026-08-31 17:57:29,666 [INFO] BID: ✓ 1 dòng
2026-08-31 17:57:29,666 [INFO] === Xong: 10/10 tickers | 10 dòng mới ===
2026-09-01 15:24:54,874 [INFO] Fetch từ 2026-08-29 → 2026-08-31
2026-09-01 15:24:55,732 [INFO] Failed to extract font properties from /usr/share/fonts/truetype/noto/NotoColorEmoji.ttf: Non-scalable fonts are not supported
2026-09-01 15:24:55,939 [INFO] generated new fontManager
2026-09-01 15:24:58,952 [INFO] Device registered: a1691119d2049e96ca73e5b8469e5a77 (version 0.0.1)
2026-09-01 15:25:06,392 [WARNING] VCB: Không có data trong khoảng này
2026-09-01 15:25:10,610 [WARNING] VIC: Không có data trong khoảng này
2026-09-01 15:25:14,822 [WARNING] VHM: Không có data trong khoảng này
2026-09-01 15:25:18,790 [WARNING] HPG: Không có data trong khoảng này
2026-09-01 15:25:22,961 [WARNING] TCB: Không có data trong khoảng này
2026-09-01 15:25:26,498 [WARNING] MBB: Không có data trong khoảng này
2026-09-01 15:25:30,038 [WARNING] VNM: Không có data trong khoảng này
2026-09-01 15:25:33,912 [WARNING] FPT: Không có data trong khoảng này
2026-09-01 15:25:39,795 [WARNING] MSN: Không có data trong khoảng này
2026-09-01 15:25:43,692 [WARNING] BID: Không có data trong khoảng này
2026-09-01 15:25:43,692 [INFO] === Xong: 0/10 tickers | 0 dòng mới ===
2026-09-02 15:00:46,527 [INFO] Fetch từ 2026-08-29 → 2026-09-01
2026-09-02 15:00:48,594 [INFO] Failed to extract font properties from /usr/share/fonts/truetype/noto/NotoColorEmoji.ttf: Non-scalable fonts are not supported
2026-09-02 15:00:48,929 [INFO] generated new fontManager
2026-09-02 15:00:52,003 [INFO] Device registered: 73771c5ea2a9dbf45599cbbbd498368f (version 0.0.1)
2026-09-02 15:00:58,151 [WARNING] VCB: Không có data trong khoảng này
2026-09-02 15:01:02,398 [WARNING] VIC: Không có data trong khoảng này
2026-09-02 15:01:06,114 [WARNING] VHM: Không có data trong khoảng này
2026-09-02 15:01:09,926 [WARNING] HPG: Không có data trong khoảng này
2026-09-02 15:01:13,914 [WARNING] TCB: Không có data trong khoảng này
2026-09-02 15:01:17,577 [WARNING] MBB: Không có data trong khoảng này
2026-09-02 15:01:21,216 [WARNING] VNM: Không có data trong khoảng này
2026-09-02 15:01:24,961 [WARNING] FPT: Không có data trong khoảng này
2026-09-02 15:01:28,830 [WARNING] MSN: Không có data trong khoảng này
2026-09-02 15:01:32,539 [WARNING] BID: Không có data trong khoảng này
2026-09-02 15:01:32,539 [INFO] === Xong: 0/10 tickers | 0 dòng mới ===
2026-09-03 14:55:03,607 [INFO] Fetch từ 2026-08-29 → 2026-09-02
2026-09-03 14:55:04,441 [INFO] Failed to extract font properties from /usr/share/fonts/truetype/noto/NotoColorEmoji.ttf: Non-scalable fonts are not supported
2026-09-03 14:55:05,413 [INFO] generated new fontManager
2026-09-03 14:55:07,912 [INFO] Device registered: 73771c5ea2a9dbf45599cbbbd498368f (version 0.0.1)
2026-09-03 14:55:13,177 [WARNING] VCB: Không có data trong khoảng này
2026-09-03 14:55:16,585 [WARNING] VIC: Không có data trong khoảng này
2026-09-03 14:55:19,337 [WARNING] VHM: Không có data trong khoảng này
2026-09-03 14:55:22,732 [WARNING] HPG: Không có data trong khoảng này
2026-09-03 14:55:25,804 [WARNING] TCB: Không có data trong khoảng này
2026-09-03 14:55:29,397 [WARNING] MBB: Không có data trong khoảng này
2026-09-03 14:55:32,287 [WARNING] VNM: Không có data trong khoảng này
2026-09-03 14:55:35,026 [WARNING] FPT: Không có data trong khoảng này
2026-09-03 14:55:37,617 [WARNING] MSN: Không có data trong khoảng này
2026-09-03 14:55:40,802 [WARNING] BID: Không có data trong khoảng này
2026-09-03 14:55:40,802 [INFO] === Xong: 0/10 tickers | 0 dòng mới ===
2026-09-04 14:52:37,654 [INFO] Fetch từ 2026-08-29 → 2026-09-03
2026-09-04 14:52:38,050 [INFO] Failed to extract font properties from /usr/share/fonts/truetype/noto/NotoColorEmoji.ttf: Non-scalable fonts are not supported
2026-09-04 14:52:38,143 [INFO] generated new fontManager
2026-09-04 14:52:42,644 [INFO] Device registered: 73771c5ea2a9dbf45599cbbbd498368f (version 0.0.1)
2026-09-04 14:52:52,433 [INFO] VCB: ✓ 1 dòng
2026-09-04 14:52:59,903 [INFO] VIC: ✓ 1 dòng
2026-09-04 14:53:05,514 [INFO] VHM: ✓ 1 dòng
2026-09-04 14:53:13,811 [INFO] HPG: ✓ 1 dòng
2026-09-04 14:53:20,014 [INFO] TCB: ✓ 1 dòng
2026-09-04 14:53:26,425 [INFO] MBB: ✓ 1 dòng
2026-09-04 14:53:32,375 [INFO] VNM: ✓ 1 dòng
2026-09-04 14:53:38,771 [INFO] FPT: ✓ 1 dòng
2026-09-04 14:53:43,279 [INFO] MSN: ✓ 1 dòng
2026-09-04 14:53:48,448 [INFO] BID: ✓ 1 dòng
2026-09-04 14:53:48,448 [INFO] === Xong: 10/10 tickers | 10 dòng mới ===
2026-09-07 16:19:22,925 [INFO] Fetch từ 2026-09-04 → 2026-09-06
2026-09-07 16:19:23,303 [INFO] Failed to extract font properties from /usr/share/fonts/truetype/noto/NotoColorEmoji.ttf: Non-scalable fonts are not supported
2026-09-07 16:19:23,401 [INFO] generated new fontManager
2026-09-07 16:19:25,900 [INFO] Device registered: 73771c5ea2a9dbf45599cbbbd498368f (version 0.0.1)
2026-09-07 16:19:30,835 [INFO] VCB: ✓ 1 dòng
2026-09-07 16:19:34,686 [INFO] VIC: ✓ 1 dòng
2026-09-07 16:19:37,795 [INFO] VHM: ✓ 1 dòng
2026-09-07 16:19:40,597 [INFO] HPG: ✓ 1 dòng
2026-09-07 16:19:43,385 [INFO] TCB: ✓ 1 dòng
2026-09-07 16:19:45,927 [INFO] MBB: ✓ 1 dòng
2026-09-07 16:19:49,043 [INFO] VNM: ✓ 1 dòng
2026-09-07 16:19:52,380 [INFO] FPT: ✓ 1 dòng
2026-09-07 16:19:54,944 [INFO] MSN: ✓ 1 dòng
2026-09-07 16:19:57,651 [INFO] BID: ✓ 1 dòng
2026-09-07 16:19:57,651 [INFO] === Xong: 10/10 tickers | 10 dòng mới ===
2026-09-08 14:58:49,308 [INFO] Fetch từ 2026-09-05 → 2026-09-07
2026-09-08 14:58:50,581 [INFO] Failed to extract font properties from /usr/share/fonts/truetype/noto/NotoColorEmoji.ttf: Non-scalable fonts are not supported
2026-09-08 14:58:50,956 [INFO] generated new fontManager
2026-09-08 14:58:53,753 [INFO] Device registered: 9990f92d03594fdcf5aeb9cbcf71abcb (version 0.0.1)
2026-09-08 14:58:59,457 [INFO] VCB: ✓ 1 dòng
2026-09-08 14:59:03,405 [INFO] VIC: ✓ 1 dòng
2026-09-08 14:59:06,761 [INFO] VHM: ✓ 1 dòng
2026-09-08 14:59:09,743 [INFO] HPG: ✓ 1 dòng
2026-09-08 14:59:12,757 [INFO] TCB: ✓ 1 dòng
2026-09-08 14:59:16,002 [INFO] MBB: ✓ 1 dòng
2026-09-08 14:59:19,010 [INFO] VNM: ✓ 1 dòng
2026-09-08 14:59:22,464 [INFO] FPT: ✓ 1 dòng
2026-09-08 14:59:25,465 [INFO] MSN: ✓ 1 dòng
2026-09-08 14:59:29,683 [INFO] BID: ✓ 1 dòng
2026-09-08 14:59:29,683 [INFO] === Xong: 10/10 tickers | 10 dòng mới ===
2026-09-09 15:02:58,184 [INFO] Fetch từ 2026-09-08 → 2026-09-08
2026-09-09 15:02:58,770 [INFO] Failed to extract font properties from /usr/share/fonts/truetype/noto/NotoColorEmoji.ttf: Non-scalable fonts are not supported
2026-09-09 15:02:58,783 [INFO] generated new fontManager
2026-09-09 15:03:01,494 [INFO] Device registered: 9990f92d03594fdcf5aeb9cbcf71abcb (version 0.0.1)
2026-09-09 15:03:06,126 [INFO] VCB: ✓ 1 dòng
2026-09-09 15:03:09,717 [INFO] VIC: ✓ 1 dòng
2026-09-09 15:03:12,612 [INFO] VHM: ✓ 1 dòng
2026-09-09 15:03:15,667 [INFO] HPG: ✓ 1 dòng
2026-09-09 15:03:18,468 [INFO] TCB: ✓ 1 dòng
2026-09-09 15:03:21,211 [INFO] MBB: ✓ 1 dòng
2026-09-09 15:03:23,778 [INFO] VNM: ✓ 1 dòng
2026-09-09 15:03:26,514 [INFO] FPT: ✓ 1 dòng
2026-09-09 15:03:29,622 [INFO] MSN: ✓ 1 dòng
2026-09-09 15:03:32,253 [INFO] BID: ✓ 1 dòng
2026-09-09 15:03:32,253 [INFO] === Xong: 10/10 tickers | 10 dòng mới ===
2026-09-10 14:55:13,470 [INFO] Fetch từ 2026-09-09 → 2026-09-09
2026-09-10 14:55:13,808 [INFO] Failed to extract font properties from /usr/share/fonts/truetype/noto/NotoColorEmoji.ttf: Non-scalable fonts are not supported
2026-09-10 14:55:13,842 [INFO] generated new fontManager
2026-09-10 14:55:17,017 [INFO] Device registered: 9990f92d03594fdcf5aeb9cbcf71abcb (version 0.0.1)
2026-09-10 14:55:23,743 [INFO] VCB: ✓ 1 dòng
2026-09-10 14:55:28,716 [INFO] VIC: ✓ 1 dòng
2026-09-10 14:55:32,681 [INFO] VHM: ✓ 1 dòng
2026-09-10 14:55:36,646 [INFO] HPG: ✓ 1 dòng
2026-09-10 14:55:40,460 [INFO] TCB: ✓ 1 dòng
2026-09-10 14:55:43,994 [INFO] MBB: ✓ 1 dòng
2026-09-10 14:55:47,613 [INFO] VNM: ✓ 1 dòng
2026-09-10 14:55:52,156 [INFO] FPT: ✓ 1 dòng
2026-09-10 14:55:57,390 [INFO] MSN: ✓ 1 dòng
2026-09-10 14:56:01,077 [INFO] BID: ✓ 1 dòng
2026-09-10 14:56:01,077 [INFO] === Xong: 10/10 tickers | 10 dòng mới ===
2026-09-11 14:54:06,116 [INFO] Fetch từ 2026-09-10 → 2026-09-10
2026-09-11 14:54:06,439 [INFO] Failed to extract font properties from /usr/share/fonts/truetype/noto/NotoColorEmoji.ttf: Non-scalable fonts are not supported
2026-09-11 14:54:06,547 [INFO] generated new fontManager
2026-09-11 14:54:09,215 [INFO] Device registered: 9990f92d03594fdcf5aeb9cbcf71abcb (version 0.0.1)
2026-09-11 14:54:15,042 [INFO] VCB: ✓ 1 dòng
2026-09-11 14:54:18,812 [INFO] VIC: ✓ 1 dòng
2026-09-11 14:54:21,745 [INFO] VHM: ✓ 1 dòng
2026-09-11 14:54:25,024 [INFO] HPG: ✓ 1 dòng
2026-09-11 14:54:28,429 [INFO] TCB: ✓ 1 dòng
2026-09-11 14:54:31,372 [INFO] MBB: ✓ 1 dòng
2026-09-11 14:54:34,367 [INFO] VNM: ✓ 1 dòng
2026-09-11 14:54:36,995 [INFO] FPT: ✓ 1 dòng
2026-09-11 14:54:39,575 [INFO] MSN: ✓ 1 dòng
2026-09-11 14:54:43,031 [INFO] BID: ✓ 1 dòng
2026-09-11 14:54:43,031 [INFO] === Xong: 10/10 tickers | 10 dòng mới ===
2026-09-14 16:49:53,808 [INFO] Fetch từ 2026-09-11 → 2026-09-13
2026-09-14 16:49:54,450 [INFO] Failed to extract font properties from /usr/share/fonts/truetype/noto/NotoColorEmoji.ttf: Non-scalable fonts are not supported
2026-09-14 16:49:54,473 [INFO] generated new fontManager
2026-09-14 16:49:56,934 [INFO] Device registered: 9990f92d03594fdcf5aeb9cbcf71abcb (version 0.0.1)
2026-09-14 16:50:05,265 [INFO] VCB: ✓ 1 dòng
2026-09-14 16:50:08,697 [INFO] VIC: ✓ 1 dòng
2026-09-14 16:50:11,792 [INFO] VHM: ✓ 1 dòng
2026-09-14 16:50:14,667 [INFO] HPG: ✓ 1 dòng
2026-09-14 16:50:17,702 [INFO] TCB: ✓ 1 dòng
2026-09-14 16:50:20,862 [INFO] MBB: ✓ 1 dòng
2026-09-14 16:50:24,273 [INFO] VNM: ✓ 1 dòng
2026-09-14 16:50:27,622 [INFO] FPT: ✓ 1 dòng
2026-09-14 16:50:30,812 [INFO] MSN: ✓ 1 dòng
2026-09-14 16:50:35,301 [INFO] BID: ✓ 1 dòng
2026-09-14 16:50:35,301 [INFO] === Xong: 10/10 tickers | 10 dòng mới ===
2026-09-15 15:28:49,282 [INFO] Fetch từ 2026-09-12 → 2026-09-14
2026-09-15 15:28:50,205 [INFO] Failed to extract font properties from /usr/share/fonts/truetype/noto/NotoColorEmoji.ttf: Non-scalable fonts are not supported
2026-09-15 15:28:50,360 [INFO] generated new fontManager
2026-09-15 15:28:52,370 [INFO] Device registered: 9990f92d03594fdcf5aeb9cbcf71abcb (version 0.0.1)
2026-09-15 15:28:57,026 [INFO] VCB: ✓ 1 dòng
2026-09-15 15:29:02,030 [INFO] VIC: ✓ 1 dòng
2026-09-15 15:29:05,338 [INFO] VHM: ✓ 1 dòng
2026-09-15 15:29:08,176 [INFO] HPG: ✓ 1 dòng
2026-09-15 15:29:11,064 [INFO] TCB: ✓ 1 dòng
2026-09-15 15:29:13,927 [INFO] MBB: ✓ 1 dòng
2026-09-15 15:29:16,782 [INFO] VNM: ✓ 1 dòng
2026-09-15 15:29:20,017 [INFO] FPT: ✓ 1 dòng
2026-09-15 15:29:24,378 [INFO] MSN: ✓ 1 dòng
2026-09-15 15:29:29,531 [INFO] BID: ✓ 1 dòng
2026-09-15 15:29:29,531 [INFO] === Xong: 10/10 tickers | 10 dòng mới ===
2026-09-16 15:21:50,424 [INFO] Fetch từ 2026-09-15 → 2026-09-15
2026-09-16 15:21:51,297 [INFO] Failed to extract font properties from /usr/share/fonts/truetype/noto/NotoColorEmoji.ttf: Non-scalable fonts are not supported
2026-09-16 15:21:51,525 [INFO] generated new fontManager
2026-09-16 15:21:55,071 [INFO] Device registered: 9990f92d03594fdcf5aeb9cbcf71abcb (version 0.0.1)
2026-09-16 15:22:00,647 [INFO] VCB: ✓ 1 dòng
2026-09-16 15:22:07,382 [INFO] VIC: ✓ 1 dòng
2026-09-16 15:22:10,367 [INFO] VHM: ✓ 1 dòng
2026-09-16 15:22:14,120 [INFO] HPG: ✓ 1 dòng
2026-09-16 15:22:16,930 [INFO] TCB: ✓ 1 dòng
2026-09-16 15:22:20,279 [INFO] MBB: ✓ 1 dòng
2026-09-16 15:22:24,011 [INFO] VNM: ✓ 1 dòng
2026-09-16 15:22:26,828 [INFO] FPT: ✓ 1 dòng
2026-09-16 15:22:30,771 [INFO] MSN: ✓ 1 dòng
2026-09-16 15:22:34,981 [INFO] BID: ✓ 1 dòng
2026-09-16 15:22:34,981 [INFO] === Xong: 10/10 tickers | 10 dòng mới ===
2026-09-17 15:28:00,567 [INFO] Fetch từ 2026-09-16 → 2026-09-16
2026-09-17 15:28:01,087 [INFO] Failed to extract font properties from /usr/share/fonts/truetype/noto/NotoColorEmoji.ttf: Non-scalable fonts are not supported
2026-09-17 15:28:01,189 [INFO] generated new fontManager
2026-09-17 15:28:04,278 [INFO] Device registered: 9990f92d03594fdcf5aeb9cbcf71abcb (version 0.0.1)
2026-09-17 15:28:11,079 [INFO] VCB: ✓ 1 dòng
2026-09-17 15:28:16,166 [INFO] VIC: ✓ 1 dòng
2026-09-17 15:28:20,460 [INFO] VHM: ✓ 1 dòng
2026-09-17 15:28:24,688 [INFO] HPG: ✓ 1 dòng
2026-09-17 15:28:29,208 [INFO] TCB: ✓ 1 dòng
2026-09-17 15:28:32,921 [INFO] MBB: ✓ 1 dòng
2026-09-17 15:28:36,749 [INFO] VNM: ✓ 1 dòng
2026-09-17 15:28:40,934 [INFO] FPT: ✓ 1 dòng
2026-09-17 15:28:45,092 [INFO] MSN: ✓ 1 dòng
2026-09-17 15:28:48,776 [INFO] BID: ✓ 1 dòng
2026-09-17 15:28:48,776 [INFO] === Xong: 10/10 tickers | 10 dòng mới ===
2026-09-18 14:49:30,906 [INFO] Fetch từ 2026-09-17 → 2026-09-17
2026-09-18 14:49:34,483 [INFO] Failed to extract font properties from /usr/share/fonts/truetype/noto/NotoColorEmoji.ttf: Non-scalable fonts are not supported
2026-09-18 14:49:36,394 [WARNING] Matplotlib is building the font cache; this may take a moment.
2026-09-18 14:49:37,779 [INFO] generated new fontManager
2026-09-18 14:49:40,742 [INFO] Device registered: 9990f92d03594fdcf5aeb9cbcf71abcb (version 0.0.1)
2026-09-18 14:49:47,371 [INFO] VCB: ✓ 1 dòng
2026-09-18 14:49:54,832 [INFO] VIC: ✓ 1 dòng
2026-09-18 14:49:58,031 [INFO] VHM: ✓ 1 dòng
2026-09-18 14:50:01,274 [INFO] HPG: ✓ 1 dòng
2026-09-18 14:50:04,981 [INFO] TCB: ✓ 1 dòng
2026-09-18 14:50:07,906 [INFO] MBB: ✓ 1 dòng
2026-09-18 14:50:11,131 [INFO] VNM: ✓ 1 dòng
2026-09-18 14:50:15,398 [INFO] FPT: ✓ 1 dòng
2026-09-18 14:50:20,647 [INFO] MSN: ✓ 1 dòng
2026-09-18 14:50:25,242 [INFO] BID: ✓ 1 dòng
2026-09-18 14:50:25,242 [INFO] === Xong: 10/10 tickers | 10 dòng mới ===
2026-09-21 16:51:15,118 [INFO] Fetch từ 2026-09-18 → 2026-09-20
2026-09-21 16:51:15,527 [INFO] Failed to extract font properties from /usr/share/fonts/truetype/noto/NotoColorEmoji.ttf: Non-scalable fonts are not supported
2026-09-21 16:51:15,585 [INFO] generated new fontManager
2026-09-21 16:51:25,705 [INFO] Device registered: 9990f92d03594fdcf5aeb9cbcf71abcb (version 0.0.1)
2026-09-21 16:51:46,060 [INFO] VCB: ✓ 1 dòng
2026-09-21 16:52:12,962 [INFO] VIC: ✓ 1 dòng
2026-09-21 16:52:40,902 [INFO] VHM: ✓ 1 dòng
2026-09-21 16:53:06,763 [INFO] HPG: ✓ 1 dòng
2026-09-21 16:53:34,072 [INFO] TCB: ✓ 1 dòng
2026-09-21 16:54:01,632 [INFO] MBB: ✓ 1 dòng
2026-09-21 16:54:28,602 [INFO] VNM: ✓ 1 dòng
2026-09-21 16:54:54,310 [INFO] FPT: ✓ 1 dòng
2026-09-21 16:55:22,616 [INFO] MSN: ✓ 1 dòng
2026-09-21 16:55:49,631 [INFO] BID: ✓ 1 dòng
2026-09-21 16:55:49,632 [INFO] === Xong: 10/10 tickers | 10 dòng mới ===
2026-09-22 15:27:03,099 [INFO] Fetch từ 2026-09-19 → 2026-09-21
2026-09-22 15:27:03,658 [INFO] Failed to extract font properties from /usr/share/fonts/truetype/noto/NotoColorEmoji.ttf: Non-scalable fonts are not supported
2026-09-22 15:27:03,716 [INFO] generated new fontManager
2026-09-22 15:27:06,355 [INFO] Device registered: 9990f92d03594fdcf5aeb9cbcf71abcb (version 0.0.1)
2026-09-22 15:27:11,482 [INFO] VCB: ✓ 1 dòng
2026-09-22 15:27:14,397 [INFO] VIC: ✓ 1 dòng
2026-09-22 15:27:17,225 [INFO] VHM: ✓ 1 dòng
2026-09-22 15:27:20,062 [INFO] HPG: ✓ 1 dòng
2026-09-22 15:27:23,621 [INFO] TCB: ✓ 1 dòng
2026-09-22 15:27:26,221 [INFO] MBB: ✓ 1 dòng
2026-09-22 15:27:29,129 [INFO] VNM: ✓ 1 dòng
2026-09-22 15:27:31,775 [INFO] FPT: ✓ 1 dòng
2026-09-22 15:27:34,365 [INFO] MSN: ✓ 1 dòng
2026-09-22 15:27:37,951 [INFO] BID: ✓ 1 dòng
2026-09-22 15:27:37,951 [INFO] === Xong: 10/10 tickers | 10 dòng mới ===
2026-09-23 15:21:20,935 [INFO] Fetch từ 2026-09-22 → 2026-09-22
2026-09-23 15:21:21,682 [INFO] Failed to extract font properties from /usr/share/fonts/truetype/noto/NotoColorEmoji.ttf: Non-scalable fonts are not supported
2026-09-23 15:21:22,473 [INFO] generated new fontManager
2026-09-23 15:21:25,105 [INFO] Device registered: 5c8a21d3e748f888ec31ead155962acd (version 0.0.1)
2026-09-23 15:21:30,210 [INFO] VCB: ✓ 1 dòng
2026-09-23 15:21:33,639 [INFO] VIC: ✓ 1 dòng
2026-09-23 15:21:36,597 [INFO] VHM: ✓ 1 dòng
2026-09-23 15:21:39,397 [INFO] HPG: ✓ 1 dòng
2026-09-23 15:21:42,809 [INFO] TCB: ✓ 1 dòng
2026-09-23 15:21:45,441 [INFO] MBB: ✓ 1 dòng
2026-09-23 15:21:48,282 [INFO] VNM: ✓ 1 dòng
2026-09-23 15:21:50,837 [INFO] FPT: ✓ 1 dòng
2026-09-23 15:21:53,412 [INFO] MSN: ✓ 1 dòng
2026-09-23 15:21:56,160 [INFO] BID: ✓ 1 dòng
2026-09-23 15:21:56,161 [INFO] === Xong: 10/10 tickers | 10 dòng mới ===
2026-09-24 15:45:24,048 [INFO] Fetch từ 2026-09-23 → 2026-09-23
2026-09-24 15:45:25,922 [INFO] Failed to extract font properties from /usr/share/fonts/truetype/noto/NotoColorEmoji.ttf: Non-scalable fonts are not supported
2026-09-24 15:45:26,410 [INFO] generated new fontManager
2026-09-24 15:45:29,817 [INFO] Device registered: 5c8a21d3e748f888ec31ead155962acd (version 0.0.1)
2026-09-24 15:45:35,706 [INFO] VCB: ✓ 1 dòng
2026-09-24 15:45:39,732 [INFO] VIC: ✓ 1 dòng
2026-09-24 15:45:43,768 [INFO] VHM: ✓ 1 dòng
2026-09-24 15:45:47,749 [INFO] HPG: ✓ 1 dòng
2026-09-24 15:45:52,366 [INFO] TCB: ✓ 1 dòng
2026-09-24 15:45:56,513 [INFO] MBB: ✓ 1 dòng
2026-09-24 15:46:01,023 [INFO] VNM: ✓ 1 dòng
2026-09-24 15:46:07,480 [INFO] FPT: ✓ 1 dòng
2026-09-24 15:46:11,401 [INFO] MSN: ✓ 1 dòng
2026-09-24 15:46:15,830 [INFO] BID: ✓ 1 dòng
2026-09-24 15:46:15,830 [INFO] === Xong: 10/10 tickers | 10 dòng mới ===
